0 verbose cli C:\Program Files\nodejs\node.exe C:\Program Files\nodejs\node_modules\npm\bin\npm-cli.js
1 info using npm@11.9.0
2 info using node@v24.14.0
3 silly config load:file:C:\Program Files\nodejs\node_modules\npm\npmrc
4 silly config load:file:C:\Users\AAA\Documents\abzio\backend\.npmrc
5 silly config load:file:C:\Users\AAA\.npmrc
6 silly config load:file:C:\Users\AAA\AppData\Roaming\npm\etc\npmrc
7 verbose title npm view @opentelemetry/instrumentation-redis-4 version
8 verbose argv "view" "@opentelemetry/instrumentation-redis-4" "version" "--cache" ".npm-cache"
9 verbose logfile logs-max:10 dir:C:\Users\AAA\Documents\abzio\backend\.npm-cache\_logs\2026-05-17T13_57_03_395Z-
10 verbose logfile C:\Users\AAA\Documents\abzio\backend\.npm-cache\_logs\2026-05-17T13_57_03_395Z-debug-0.log
11 silly logfile start cleaning logs, removing 1 files
12 silly logfile done cleaning log files
13 http fetch GET 200 https://registry.npmjs.org/@opentelemetry%2finstrumentation-redis-4 404ms (cache revalidated)
14 verbose cwd C:\Users\AAA\Documents\abzio\backend
15 verbose os Windows_NT 10.0.19045
16 verbose node v24.14.0
17 verbose npm  v11.9.0
18 verbose exit 0
19 info ok
